about
absolutely
abuse
access
according
accused
across
action
actually
affairs
affected
africa
after
afternoon
again
against
agree
agreement
ahead
allegations
allow
allowed
almost
already
always
america
american
among
amount
announced
another
answer
anything
areas
around
arrested
asked
asking
attack
attacks
authorities
banks
because
become
before
behind
being
believe
benefit
benefits
better
between
biggest
billion
black
border
bring
britain
british
brought
budget
build
building
business
businesses
called
cameron
campaign
cancer
cannot
capital
cases
central
certainly
challenge
chance
change
changes
charge
charges
chief
child
children
china
claims
clear
close
cloud
comes
coming
community
companies
company
concerns
conference
conflict
conservative
continue
control
could
council
countries
country
couple
course
court
crime
crisis
current
customers
david
death
debate
decided
decision
deficit
degrees
described
despite
details
difference
different
difficult
doing
during
early
eastern
economic
economy
editor
education
election
emergency
energy
england
enough
europe
european
evening
events
every
everybody
everyone
everything
evidence
exactly
example
expect
expected
extra
facing
families
family
fight
fighting
figures
final
financial
first
focus
following
football
force
forces
foreign
former
forward
found
france
french
friday
front
further
future
games
general
george
germany
getting
given
giving
global
going
government
great
greece
ground
group
growing
growth
guilty
happen
happened
happening
having
health
heard
heart
heavy
higher
history
homes
hospital
hours
house
housing
human
hundreds
immigration
impact
important
increase
independent
industry
inflation
information
inquiry
inside
interest
investment
involved
ireland
islamic
issue
issues
itself
james
judge
justice
killed
known
labour
large
later
latest
leader
leaders
leadership
least
leave
legal
level
levels
likely
little
lives
living
local
london
longer
looking
major
majority
makes
making
manchester
market
massive
matter
maybe
means
measures
media
medical
meeting
member
members
message
middle
might
migrants
military
million
millions
minister
ministers
minutes
missing
moment
money
month
months
morning
moving
murder
national
needs
never
night
north
northern
nothing
number
numbers
obama
office
officers
officials
often
operation
opposition
order
other
others
outside
parents
parliament
parties
parts
party
patients
paying
people
perhaps
period
person
personal
phone
place
places
plans
point
police
policy
political
politicians
politics
position
possible
potential
power
powers
president
press
pressure
pretty
price
prices
prime
prison
private
probably
problem
problems
process
protect
provide
public
question
questions
quite
rates
rather
really
reason
recent
record
referendum
remember
report
reports
response
result
return
right
rights
rules
running
russia
russian
saying
school
schools
scotland
scottish
second
secretary
sector
security
seems
senior
sense
series
serious
service
services
seven
several
short
should
sides
significant
simply
since
single
situation
small
social
society
someone
something
south
southern
speaking
special
speech
spend
spending
spent
staff
stage
stand
start
started
state
statement
states
still
story
street
strong
sunday
sunshine
support
syria
syrian
system
taken
taking
talking
talks
temperatures
terms
their
themselves
there
these
thing
things
think
third
those
thought
thousands
threat
three
through
times
today
together
tomorrow
tonight
towards
trade
trial
trust
trying
under
understand
union
united
until
using
victims
violence
voters
waiting
wales
wanted
wants
warning
watching
water
weapons
weather
weekend
weeks
welcome
welfare
western
westminster
where
whether
which
while
whole
winds
within
without
women
words
workers
working
world
worst
would
wrong
years
yesterday
young
